[29-Aug-2026 10:19:04 Europe/Berlin] [swapin-debug] [req:2df54fc9a7d7] migration_error {"message":"SQLSTATE[HY000] [2002] No connection could be made because the target machine actively refused it"}
[29-Aug-2026 10:19:10 Europe/Berlin] [swapin-debug] [req:2df54fc9a7d7] migration-error-kyc-service {"msg":"SQLSTATE[HY000] [2002] No connection could be made because the target machine actively refused it"}
[29-Aug-2026 10:19:12 Europe/Berlin] [swapin-debug] [req:2df54fc9a7d7] migration-error-kyc-service {"msg":"SQLSTATE[HY000] [2002] No connection could be made because the target machine actively refused it"}
[29-Aug-2026 10:19:14 Europe/Berlin] [swapin-debug] [req:2df54fc9a7d7] migration-error-kyc-service {"msg":"SQLSTATE[HY000] [2002] No connection could be made because the target machine actively refused it"}
[29-Aug-2026 10:19:16 Europe/Berlin] [swapin-debug] [req:2df54fc9a7d7] migration-error-kyc-service {"msg":"SQLSTATE[HY000] [2002] No connection could be made because the target machine actively refused it"}
[29-Aug-2026 10:19:18 Europe/Berlin] [swapin-debug] [req:2df54fc9a7d7] migration-error-kyc-service {"msg":"SQLSTATE[HY000] [2002] No connection could be made because the target machine actively refused it"}
[29-Aug-2026 10:19:21 Europe/Berlin] [swapin-debug] [req:2df54fc9a7d7] migration-error-kyc-service {"msg":"SQLSTATE[HY000] [2002] No connection could be made because the target machine actively refused it"}
[29-Aug-2026 10:19:45 Europe/Berlin] [swapin-debug] [req:06c6b99648d4] migration_error {"message":"SQLSTATE[HY000] [2002] No connection could be made because the target machine actively refused it"}
[29-Aug-2026 10:19:51 Europe/Berlin] [swapin-debug] [req:06c6b99648d4] migration-error-kyc-service {"msg":"SQLSTATE[HY000] [2002] No connection could be made because the target machine actively refused it"}
[29-Aug-2026 10:19:53 Europe/Berlin] [swapin-debug] [req:06c6b99648d4] migration-error-kyc-service {"msg":"SQLSTATE[HY000] [2002] No connection could be made because the target machine actively refused it"}
[29-Aug-2026 10:19:55 Europe/Berlin] [swapin-debug] [req:06c6b99648d4] migration-error-kyc-service {"msg":"SQLSTATE[HY000] [2002] No connection could be made because the target machine actively refused it"}
[29-Aug-2026 10:19:57 Europe/Berlin] [swapin-debug] [req:06c6b99648d4] migration-error-kyc-service {"msg":"SQLSTATE[HY000] [2002] No connection could be made because the target machine actively refused it"}
[29-Aug-2026 10:19:59 Europe/Berlin] [swapin-debug] [req:06c6b99648d4] migration-error-kyc-service {"msg":"SQLSTATE[HY000] [2002] No connection could be made because the target machine actively refused it"}
[29-Aug-2026 10:20:01 Europe/Berlin] [swapin-debug] [req:06c6b99648d4] migration-error-kyc-service {"msg":"SQLSTATE[HY000] [2002] No connection could be made because the target machine actively refused it"}
[09-Sep-2026 18:07:11 Europe/Berlin] [swapin-debug] [req:a7886ad470dd] index-start {"uri":"/swaapin/","query":[]}
[09-Sep-2026 18:07:11 Europe/Berlin] [swapin-debug] [req:a7886ad470dd] index-before-queries {"search":"","cat":"","city":"","want":"","sort":"new","page":1}
[09-Sep-2026 18:08:17 Europe/Berlin] [swapin-debug] [req:ecff4ab83b03] index-start {"uri":"/swaapin/","query":[]}
[09-Sep-2026 18:08:17 Europe/Berlin] [swapin-debug] [req:ecff4ab83b03] index-before-queries {"search":"","cat":"","city":"","want":"","sort":"new","page":1}
[09-Sep-2026 18:08:39 Europe/Berlin] [swapin-debug] [req:ee35145af34a] index-start {"uri":"/swaapin/","query":[]}
[09-Sep-2026 18:08:39 Europe/Berlin] [swapin-debug] [req:ee35145af34a] index-before-queries {"search":"","cat":"","city":"","want":"","sort":"new","page":1}
[09-Sep-2026 18:12:40 Europe/Berlin] [swapin-debug] [req:5a9e8d4cb07a] index-start {"uri":"/swaapin/","query":[]}
[09-Sep-2026 18:12:40 Europe/Berlin] [swapin-debug] [req:5a9e8d4cb07a] index-before-queries {"search":"","cat":"","city":"","want":"","sort":"new","page":1}
[09-Sep-2026 18:13:02 Europe/Berlin] [swapin-debug] [req:550a9a6b39bc] index-start {"uri":"/swaapin/","query":[]}
[09-Sep-2026 18:13:02 Europe/Berlin] [swapin-debug] [req:550a9a6b39bc] index-before-queries {"search":"","cat":"","city":"","want":"","sort":"new","page":1}
[09-Sep-2026 18:20:27 Europe/Berlin] [swapin-debug] [req:bb57ff76eecf] index-start {"uri":"/swaapin/","query":[]}
[09-Sep-2026 18:20:27 Europe/Berlin] [swapin-debug] [req:bb57ff76eecf] index-before-queries {"search":"","cat":"","city":"","want":"","sort":"new","page":1}
[09-Sep-2026 18:20:49 Europe/Berlin] [swapin-debug] [req:1ef8cae6d30c] index-start {"uri":"/swaapin/","query":[]}
[09-Sep-2026 18:20:49 Europe/Berlin] [swapin-debug] [req:1ef8cae6d30c] index-before-queries {"search":"","cat":"","city":"","want":"","sort":"new","page":1}
[09-Sep-2026 18:21:10 Europe/Berlin] [swapin-debug] [req:c8345a560f8c] index-start {"uri":"/swaapin/","query":[]}
[09-Sep-2026 18:21:10 Europe/Berlin] [swapin-debug] [req:c8345a560f8c] index-before-queries {"search":"","cat":"","city":"","want":"","sort":"new","page":1}
[09-Sep-2026 18:28:15 Europe/Berlin] [swapin-debug] [req:5bac47809a03] index-start {"uri":"/swaapin/","query":[]}
[09-Sep-2026 18:28:15 Europe/Berlin] [swapin-debug] [req:5bac47809a03] index-before-queries {"search":"","cat":"","city":"","want":"","sort":"new","page":1}
[09-Sep-2026 18:28:37 Europe/Berlin] [swapin-debug] [req:9fbb0d84ba7d] index-start {"uri":"/swaapin/","query":[]}
[09-Sep-2026 18:28:37 Europe/Berlin] [swapin-debug] [req:9fbb0d84ba7d] index-before-queries {"search":"","cat":"","city":"","want":"","sort":"new","page":1}
[09-Sep-2026 18:29:06 Europe/Berlin] [swapin-debug] [req:70caf732fa43] index-start {"uri":"/swaapin/","query":[]}
[09-Sep-2026 18:29:06 Europe/Berlin] [swapin-debug] [req:70caf732fa43] index-before-queries {"search":"","cat":"","city":"","want":"","sort":"new","page":1}
[09-Sep-2026 18:44:25 Europe/Berlin] [swapin-debug] [req:6bba67cca5e3] index-start {"uri":"/swaapin/","query":[]}
[09-Sep-2026 18:44:25 Europe/Berlin] [swapin-debug] [req:6bba67cca5e3] index-before-queries {"search":"","cat":"","city":"","want":"","sort":"new","page":1}
[09-Sep-2026 18:44:47 Europe/Berlin] [swapin-debug] [req:245c391b960c] index-start {"uri":"/swaapin/","query":[]}
[09-Sep-2026 18:44:47 Europe/Berlin] [swapin-debug] [req:245c391b960c] index-before-queries {"search":"","cat":"","city":"","want":"","sort":"new","page":1}
[09-Sep-2026 19:02:19 Europe/Berlin] [swapin-debug] [req:b86a2291fb7f] index-start {"uri":"/swaapin/","query":[]}
[09-Sep-2026 19:02:19 Europe/Berlin] [swapin-debug] [req:b86a2291fb7f] index-before-queries {"search":"","cat":"","city":"","want":"","sort":"new","page":1}
[09-Sep-2026 19:05:37 Europe/Berlin] [swapin-debug] [req:310771a9267a] index-start {"uri":"/swaapin/","query":[]}
[09-Sep-2026 19:05:37 Europe/Berlin] [swapin-debug] [req:310771a9267a] index-before-queries {"search":"","cat":"","city":"","want":"","sort":"new","page":1}
[09-Sep-2026 19:06:18 Europe/Berlin] [swapin-debug] [req:4ba15d64fa1e] index-start {"uri":"/swaapin/","query":[]}
[09-Sep-2026 19:06:18 Europe/Berlin] [swapin-debug] [req:4ba15d64fa1e] index-before-queries {"search":"","cat":"","city":"","want":"","sort":"new","page":1}
[09-Sep-2026 19:06:40 Europe/Berlin] [swapin-debug] [req:c73197a3407c] index-start {"uri":"/swaapin/","query":[]}
[09-Sep-2026 19:06:40 Europe/Berlin] [swapin-debug] [req:c73197a3407c] index-before-queries {"search":"","cat":"","city":"","want":"","sort":"new","page":1}
[09-Sep-2026 19:08:54 Europe/Berlin] [swapin-debug] [req:b84241bf04a2] index-start {"uri":"/swaapin/","query":[]}
[09-Sep-2026 19:08:54 Europe/Berlin] [swapin-debug] [req:b84241bf04a2] index-before-queries {"search":"","cat":"","city":"","want":"","sort":"new","page":1}
[09-Sep-2026 19:09:17 Europe/Berlin] [swapin-debug] [req:9f69656fe04e] index-start {"uri":"/swaapin/","query":[]}
[09-Sep-2026 19:09:17 Europe/Berlin] [swapin-debug] [req:9f69656fe04e] index-before-queries {"search":"","cat":"","city":"","want":"","sort":"new","page":1}
[09-Sep-2026 19:13:09 Europe/Berlin] [swapin-debug] [req:ce5fb7644769] index-start {"uri":"/swaapin/","query":[]}
[09-Sep-2026 19:13:09 Europe/Berlin] [swapin-debug] [req:ce5fb7644769] index-before-queries {"search":"","cat":"","city":"","want":"","sort":"new","page":1}
[09-Sep-2026 19:13:31 Europe/Berlin] [swapin-debug] [req:b13313d227f1] index-start {"uri":"/swaapin/","query":[]}
[09-Sep-2026 19:13:31 Europe/Berlin] [swapin-debug] [req:b13313d227f1] index-before-queries {"search":"","cat":"","city":"","want":"","sort":"new","page":1}
[09-Sep-2026 19:14:52 Europe/Berlin] [swapin-debug] [req:80d3fa49442a] index-start {"uri":"/swaapin/","query":[]}
[09-Sep-2026 19:14:52 Europe/Berlin] [swapin-debug] [req:80d3fa49442a] index-before-queries {"search":"","cat":"","city":"","want":"","sort":"new","page":1}
[09-Sep-2026 19:15:14 Europe/Berlin] [swapin-debug] [req:7ea1afe7c642] index-start {"uri":"/swaapin/","query":[]}
[09-Sep-2026 19:15:14 Europe/Berlin] [swapin-debug] [req:7ea1afe7c642] index-before-queries {"search":"","cat":"","city":"","want":"","sort":"new","page":1}
[09-Sep-2026 19:23:42 Europe/Berlin] [swapin-debug] [req:468ab23187b1] index-start {"uri":"/swaapin/","query":[]}
[09-Sep-2026 19:23:42 Europe/Berlin] [swapin-debug] [req:468ab23187b1] index-before-queries {"search":"","cat":"","city":"","want":"","sort":"new","page":1}
[09-Sep-2026 19:24:04 Europe/Berlin] [swapin-debug] [req:d5c5738415d9] index-start {"uri":"/swaapin/","query":[]}
[09-Sep-2026 19:24:04 Europe/Berlin] [swapin-debug] [req:d5c5738415d9] index-before-queries {"search":"","cat":"","city":"","want":"","sort":"new","page":1}
[09-Sep-2026 19:36:28 Europe/Berlin] [swapin-debug] [req:c1ab01562f0c] index-start {"uri":"/swaapin/","query":[]}
[09-Sep-2026 19:36:28 Europe/Berlin] [swapin-debug] [req:c1ab01562f0c] index-before-queries {"search":"","cat":"","city":"","want":"","sort":"new","page":1}
[09-Sep-2026 19:36:51 Europe/Berlin] [swapin-debug] [req:d8d172c8397b] index-start {"uri":"/swaapin/","query":[]}
[09-Sep-2026 19:36:51 Europe/Berlin] [swapin-debug] [req:d8d172c8397b] index-before-queries {"search":"","cat":"","city":"","want":"","sort":"new","page":1}
[09-Sep-2026 19:41:37 Europe/Berlin] [swapin-debug] [req:fb80d858901f] index-start {"uri":"/swaapin/","query":[]}
[09-Sep-2026 19:41:37 Europe/Berlin] [swapin-debug] [req:fb80d858901f] index-before-queries {"search":"","cat":"","city":"","want":"","sort":"new","page":1}
[09-Sep-2026 19:41:59 Europe/Berlin] [swapin-debug] [req:1142169c222e] index-start {"uri":"/swaapin/","query":[]}
[09-Sep-2026 19:41:59 Europe/Berlin] [swapin-debug] [req:1142169c222e] index-before-queries {"search":"","cat":"","city":"","want":"","sort":"new","page":1}
[09-Sep-2026 20:19:57 Europe/Berlin] [swapin-debug] [req:d5dbbed44cac] index-start {"uri":"/swaapin/","query":[]}
[09-Sep-2026 20:19:57 Europe/Berlin] [swapin-debug] [req:d5dbbed44cac] index-before-queries {"search":"","cat":"","city":"","want":"","sort":"new","page":1}
[09-Sep-2026 20:20:40 Europe/Berlin] [swapin-debug] [req:f6847c71717d] index-start {"uri":"/@vite/client","query":[]}
[09-Sep-2026 20:20:40 Europe/Berlin] [swapin-debug] [req:f6847c71717d] index-before-queries {"search":"","cat":"","city":"","want":"","sort":"new","page":1}
[09-Sep-2026 20:25:49 Europe/Berlin] [swapin-debug] [req:599c5e67ba62] index-start {"uri":"/swaapin/","query":[]}
[09-Sep-2026 20:25:49 Europe/Berlin] [swapin-debug] [req:599c5e67ba62] index-before-queries {"search":"","cat":"","city":"","want":"","sort":"new","page":1}
[09-Sep-2026 20:27:40 Europe/Berlin] [swapin-debug] [req:f5e0ba744519] index-start {"uri":"/swaapin/","query":[]}
[09-Sep-2026 20:27:40 Europe/Berlin] [swapin-debug] [req:f5e0ba744519] index-before-queries {"search":"","cat":"","city":"","want":"","sort":"new","page":1}
[09-Sep-2026 22:19:40 Europe/Berlin] [swapin-debug] [req:9605267c157e] index-start {"uri":"/swaapin/","query":[]}
[09-Sep-2026 22:19:40 Europe/Berlin] [swapin-debug] [req:9605267c157e] index-before-queries {"search":"","cat":"","city":"","want":"","sort":"new","page":1}
[09-Sep-2026 22:19:40 Europe/Berlin] [swapin-debug] [req:9605267c157e] uncaught-exception {"type":"PDOException","message":"SQLSTATE[42S22]: Column not found: 1054 Unknown column 'image_url' in 'field list'","file":"C:\\xampp\\htdocs\\swaapin\\includes\\config.php","line":1321,"uri":"/swaapin/","method":"GET"}
[09-Sep-2026 22:21:01 Europe/Berlin] [swapin-debug] [req:77e6ce31f792] index-start {"uri":"/swaapin/","query":[]}
[09-Sep-2026 22:21:01 Europe/Berlin] [swapin-debug] [req:77e6ce31f792] index-before-queries {"search":"","cat":"","city":"","want":"","sort":"new","page":1}
[09-Sep-2026 23:44:32 Europe/Berlin] [swapin-debug] [req:f03605f907b4] uncaught-exception {"type":"ParseError","message":"Unmatched '}'","file":"C:\\xampp\\htdocs\\swaapin\\includes\\layout.php","line":801,"uri":"/swaapin/","method":"GET"}
[09-Sep-2026 23:45:43 Europe/Berlin] [swapin-debug] [req:5371624914b6] index-start {"uri":"/swaapin/","query":[]}
[09-Sep-2026 23:45:43 Europe/Berlin] [swapin-debug] [req:5371624914b6] index-before-queries {"search":"","cat":"","city":"","want":"","sort":"new","page":1}
[09-Sep-2026 23:59:39 Europe/Berlin] [swapin-debug] [req:e4f93e871ebf] index-start {"uri":"/swaapin/","query":[]}
[09-Sep-2026 23:59:39 Europe/Berlin] [swapin-debug] [req:e4f93e871ebf] index-before-queries {"search":"","cat":"","city":"","want":"","sort":"new","page":1}
[10-Sep-2026 00:02:29 Europe/Berlin] [swapin-debug] [req:cb3ade7dc291] index-start {"uri":"/swaapin/","query":[]}
[10-Sep-2026 00:02:29 Europe/Berlin] [swapin-debug] [req:cb3ade7dc291] index-before-queries {"search":"","cat":"","city":"","want":"","sort":"new","page":1}
[10-Sep-2026 00:04:14 Europe/Berlin] [swapin-debug] [req:e21fb5442a48] index-start {"uri":"/swaapin/","query":[]}
[10-Sep-2026 00:04:14 Europe/Berlin] [swapin-debug] [req:e21fb5442a48] index-before-queries {"search":"","cat":"","city":"","want":"","sort":"new","page":1}
[10-Sep-2026 00:05:52 Europe/Berlin] [swapin-debug] [req:c2761ef3c50b] index-start {"uri":"/swaapin/","query":[]}
[10-Sep-2026 00:05:52 Europe/Berlin] [swapin-debug] [req:c2761ef3c50b] index-before-queries {"search":"","cat":"","city":"","want":"","sort":"new","page":1}
[10-Sep-2026 00:07:43 Europe/Berlin] [swapin-debug] [req:51125fad8701] index-start {"uri":"/swaapin/","query":[]}
[10-Sep-2026 00:07:43 Europe/Berlin] [swapin-debug] [req:51125fad8701] index-before-queries {"search":"","cat":"","city":"","want":"","sort":"new","page":1}
[10-Sep-2026 00:09:00 Europe/Berlin] [swapin-debug] [req:52b20616840a] index-start {"uri":"/swaapin/","query":[]}
[10-Sep-2026 00:09:00 Europe/Berlin] [swapin-debug] [req:52b20616840a] index-before-queries {"search":"","cat":"","city":"","want":"","sort":"new","page":1}
[10-Sep-2026 11:02:54 Europe/Berlin] [swapin-debug] [req:a05d0ee919da] index-start {"uri":"/swaapin/","query":[]}
[10-Sep-2026 11:02:54 Europe/Berlin] [swapin-debug] [req:a05d0ee919da] index-before-queries {"search":"","cat":"","city":"","want":"","sort":"new","page":1}
[10-Sep-2026 11:07:19 Europe/Berlin] [swapin-debug] [req:ccbb6c02796c] index-start {"uri":"/swaapin/","query":[]}
[10-Sep-2026 11:07:19 Europe/Berlin] [swapin-debug] [req:ccbb6c02796c] index-before-queries {"search":"","cat":"","city":"","want":"","sort":"new","page":1}
[10-Sep-2026 11:07:43 Europe/Berlin] [swapin-debug] [req:b8510fbe3a80] index-start {"uri":"/swaapin/","query":[]}
[10-Sep-2026 11:07:43 Europe/Berlin] [swapin-debug] [req:b8510fbe3a80] index-before-queries {"search":"","cat":"","city":"","want":"","sort":"new","page":1}
[10-Sep-2026 11:08:09 Europe/Berlin] [swapin-debug] [req:d9661e329b32] index-start {"uri":"/swaapin/","query":[]}
[10-Sep-2026 11:08:09 Europe/Berlin] [swapin-debug] [req:d9661e329b32] index-before-queries {"search":"","cat":"","city":"","want":"","sort":"new","page":1}
[10-Sep-2026 11:57:06 Europe/Berlin] [swapin-debug] [req:7a92c50bcef8] index-start {"uri":"/swaapin/","query":[]}
[10-Sep-2026 11:57:06 Europe/Berlin] [swapin-debug] [req:7a92c50bcef8] index-before-queries {"search":"","cat":"","city":"","want":"","sort":"new","page":1}
[10-Sep-2026 12:03:13 Europe/Berlin] [swapin-debug] [req:c13de3aaab4a] index-start {"uri":"/swaapin/","query":[]}
[10-Sep-2026 12:03:13 Europe/Berlin] [swapin-debug] [req:c13de3aaab4a] index-before-queries {"search":"","cat":"","city":"","want":"","sort":"new","page":1}
[10-Sep-2026 12:09:13 Europe/Berlin] [swapin-debug] [req:71084c562a59] index-start {"uri":"/swaapin/","query":[]}
[10-Sep-2026 12:09:13 Europe/Berlin] [swapin-debug] [req:71084c562a59] index-before-queries {"search":"","cat":"","city":"","want":"","sort":"new","page":1}
[10-Sep-2026 12:13:03 Europe/Berlin] [swapin-debug] [req:0188952c26b3] index-start {"uri":"/swaapin/","query":[]}
[10-Sep-2026 12:13:03 Europe/Berlin] [swapin-debug] [req:0188952c26b3] index-before-queries {"search":"","cat":"","city":"","want":"","sort":"new","page":1}
[10-Sep-2026 12:19:35 Europe/Berlin] [swapin-debug] [req:f8580be9a1bf] index-start {"uri":"/swaapin/","query":[]}
[10-Sep-2026 12:19:35 Europe/Berlin] [swapin-debug] [req:f8580be9a1bf] index-before-queries {"search":"","cat":"","city":"","want":"","sort":"new","page":1}
[10-Sep-2026 12:24:16 Europe/Berlin] [swapin-debug] [req:7367f0b30382] index-start {"uri":"/swaapin/","query":[]}
[10-Sep-2026 12:24:16 Europe/Berlin] [swapin-debug] [req:7367f0b30382] index-before-queries {"search":"","cat":"","city":"","want":"","sort":"new","page":1}
[10-Sep-2026 12:25:12 Europe/Berlin] [swapin-debug] [req:4787a084b02b] index-start {"uri":"/swaapin/","query":[]}
[10-Sep-2026 12:25:12 Europe/Berlin] [swapin-debug] [req:4787a084b02b] index-before-queries {"search":"","cat":"","city":"","want":"","sort":"new","page":1}
[10-Sep-2026 12:26:49 Europe/Berlin] [swapin-debug] [req:1bda4666506f] index-start {"uri":"/swaapin/","query":[]}
[10-Sep-2026 12:26:49 Europe/Berlin] [swapin-debug] [req:1bda4666506f] index-before-queries {"search":"","cat":"","city":"","want":"","sort":"new","page":1}
